<?xml version="1.0" encoding="UTF-8"?>
<TestRun id="e98401e0-d2a2-453e-84cc-5f5d8f990827" name="briandek@AIOROS 2012-05-01 22:22:03" runUser="Aioros\briandek" xmlns="http://microsoft.com/schemas/VisualStudio/TeamTest/2010">
  <TestSettings name="Local" id="9fa807db-fb49-4185-8158-2ce6936dbd47">
    <Description>These are default test settings for a local test run.</Description>
    <Deployment enabled="false" runDeploymentRoot="briandek_AIOROS 2012-05-01 22_22_03">
      <DeploymentItem filename="c:\users\briandek\documents\visual studio 2010\Projects\APEX\APExplorer\bin\Debug\ApExplorer.dll" />
    </Deployment>
    <Execution>
      <TestTypeSpecific />
      <AgentRule name="Execution Agents">
      </AgentRule>
    </Execution>
  </TestSettings>
  <Times creation="2012-05-01T22:22:03.6438665-04:00" queuing="2012-05-01T22:22:04.2178979-04:00" start="2012-05-01T22:22:04.3019027-04:00" finish="2012-05-01T22:22:10.3542422-04:00" />
  <ResultSummary outcome="Completed">
    <Counters total="1" executed="1" passed="1" error="0" failed="0" timeout="0" aborted="0" inconclusive="0" passedButRunAborted="0" notRunnable="0" notExecuted="0" disconnected="0" warning="0" completed="0" inProgress="0" pending="0" />
  </ResultSummary>
  <TestDefinitions>
    <UnitTest name="GetABookTest" storage="c:\users\briandek\documents\visual studio 2010\projects\apex\apexplorer.tests\bin\debug\apexplorer.tests.dll" id="a905ff12-b913-f106-893a-6ebaecae8d68">
      <Execution id="3723cd0d-a3a0-4f51-a202-62697f1fe628" />
      <TestMethod codeBase="c:/users/briandek/documents/visual studio 2010/Projects/APEX/ApExplorer.Tests/bin/Debug/ApExplorer.Tests.DLL" adapterTypeName="Microsoft.VisualStudio.TestTools.TestTypes.Unit.UnitTestAdapter, Microsoft.VisualStudio.QualityTools.Tips.UnitTest.Adapter, Version=10.0.0.0, Culture=neutral, PublicKeyToken=b03f5f7f11d50a3a" className="ApExplorer.Tests.AmazonProductExplorerTests, ApExplorer.Tests, Version=1.0.0.0, Culture=neutral, PublicKeyToken=null" name="GetABookTest" />
    </UnitTest>
  </TestDefinitions>
  <TestLists>
    <TestList name="Results Not in a List" id="8c84fa94-04c1-424b-9868-57a2d4851a1d" />
    <TestList name="All Loaded Results" id="19431567-8539-422a-85d7-44ee4e166bda" />
  </TestLists>
  <TestEntries>
    <TestEntry testId="a905ff12-b913-f106-893a-6ebaecae8d68" executionId="3723cd0d-a3a0-4f51-a202-62697f1fe628" testListId="8c84fa94-04c1-424b-9868-57a2d4851a1d" />
  </TestEntries>
  <Results>
    <UnitTestResult executionId="3723cd0d-a3a0-4f51-a202-62697f1fe628" testId="a905ff12-b913-f106-893a-6ebaecae8d68" testName="GetABookTest" computerName="AIOROS" duration="00:00:05.2770211" startTime="2012-05-01T22:22:04.3879076-04:00" endTime="2012-05-01T22:22:10.2952388-04:00" testType="13cdc9d9-ddb5-4fa4-a97d-d965ccfc6d4b" outcome="Passed" testListId="8c84fa94-04c1-424b-9868-57a2d4851a1d" relativeResultsDirectory="3723cd0d-a3a0-4f51-a202-62697f1fe628">
      <Output>
        <DebugTrace>0596805489 : Programming WCF Services: Mastering WCF and the Azure AppFabric Service Bus
0596101627 : Learning WCF: A Hands-on Guide
1849681147 : WCF 4.0 Multi-tier Services Development with LINQ to Entities
B005IN6DJQ : WCF RIA Services
0321440064 : Essential Windows Communication Foundation (WCF): For .NET Framework 3.5
0470563141 : Professional WCF 4: Windows Communication Foundation with .NET 4 (Wrox Programmer to Programmer)
0596526997 : Programming WCF Services
1430233680 : Pro WCF 4: Practical Microsoft SOA Implementation
0596521308 : Programming WCF Services
1590597028 : Pro WCF: Practical Microsoft SOA Implementation
70
</DebugTrace>
      </Output>
    </UnitTestResult>
  </Results>
</TestRun>