<?xml version="1.0" encoding="UTF-8"?>
<TestRun id="bcb5d531-47cb-4d5c-959d-40104cdea915" name="briandek@AIOROS 2012-05-01 21:52:02" runUser="Aioros\briandek" xmlns="http://microsoft.com/schemas/VisualStudio/TeamTest/2010">
  <TestSettings name="Local" id="9fa807db-fb49-4185-8158-2ce6936dbd47">
    <Description>These are default test settings for a local test run.</Description>
    <Deployment enabled="false" runDeploymentRoot="briandek_AIOROS 2012-05-01 21_52_02">
      <DeploymentItem filename="c:\users\briandek\documents\visual studio 2010\Projects\APEX\APExplorer\bin\Debug\ApExplorer.dll" />
    </Deployment>
    <Execution>
      <TestTypeSpecific />
      <AgentRule name="Execution Agents">
      </AgentRule>
    </Execution>
  </TestSettings>
  <Times creation="2012-05-01T21:52:02.8769199-04:00" queuing="2012-05-01T21:52:03.4449524-04:00" start="2012-05-01T21:52:03.5349575-04:00" finish="2012-05-01T21:52:10.1233115-04:00" />
  <ResultSummary outcome="Error">
    <Counters total="1" executed="1" error="0" failed="0" timeout="0" aborted="1" inconclusive="0" passedButRunAborted="0" notRunnable="0" notExecuted="0" disconnected="0" warning="0" passed="0" completed="0" inProgress="0" pending="0" />
    <RunInfos>
      <RunInfo computerName="AIOROS" outcome="Error" timestamp="2012-05-01T21:52:10.1233115-04:00">
        <Text>Test host process exited unexpectedly.</Text>
      </RunInfo>
    </RunInfos>
  </ResultSummary>
  <TestDefinitions>
    <UnitTest name="GetABookTest" storage="c:\users\briandek\documents\visual studio 2010\projects\apex\apexplorer.tests\bin\debug\apexplorer.tests.dll" id="a905ff12-b913-f106-893a-6ebaecae8d68">
      <Execution id="90c51dfc-9747-467d-84be-ea60814ca694" />
      <TestMethod codeBase="c:/users/briandek/documents/visual studio 2010/Projects/APEX/ApExplorer.Tests/bin/Debug/ApExplorer.Tests.DLL" adapterTypeName="Microsoft.VisualStudio.TestTools.TestTypes.Unit.UnitTestAdapter, Microsoft.VisualStudio.QualityTools.Tips.UnitTest.Adapter, Version=10.0.0.0, Culture=neutral, PublicKeyToken=b03f5f7f11d50a3a" className="ApExplorer.Tests.AmazonProductExplorerTests, ApExplorer.Tests, Version=1.0.0.0, Culture=neutral, PublicKeyToken=null" name="GetABookTest" />
    </UnitTest>
  </TestDefinitions>
  <TestLists>
    <TestList name="Results Not in a List" id="8c84fa94-04c1-424b-9868-57a2d4851a1d" />
    <TestList name="All Loaded Results" id="19431567-8539-422a-85d7-44ee4e166bda" />
  </TestLists>
  <TestEntries>
    <TestEntry testId="a905ff12-b913-f106-893a-6ebaecae8d68" executionId="90c51dfc-9747-467d-84be-ea60814ca694" testListId="8c84fa94-04c1-424b-9868-57a2d4851a1d" />
  </TestEntries>
  <Results>
    <UnitTestResult executionId="90c51dfc-9747-467d-84be-ea60814ca694" testId="a905ff12-b913-f106-893a-6ebaecae8d68" testName="GetABookTest" computerName="AIOROS" duration="00:00:06.5103495" startTime="2012-05-01T21:52:03.6129620-04:00" endTime="2012-05-01T21:52:10.1233115-04:00" testType="13cdc9d9-ddb5-4fa4-a97d-d965ccfc6d4b" outcome="Aborted" testListId="8c84fa94-04c1-424b-9868-57a2d4851a1d" relativeResultsDirectory="90c51dfc-9747-467d-84be-ea60814ca694">
    </UnitTestResult>
  </Results>
</TestRun>